  Determinando los proyectos que se van a restaurar...
  Todos los proyectos est├ín actualizados para la restauraci├│n.
  DHM.Domain -> D:\DESARROLLO\ANTIGRAVITY\DHM\src\DHM.Domain\bin\Debug\net10.0\DHM.Domain.dll
  DHM.Application -> D:\DESARROLLO\ANTIGRAVITY\DHM\src\DHM.Application\bin\Debug\net10.0\DHM.Application.dll
D:\DESARROLLO\ANTIGRAVITY\DHM\src\DHM.Infrastructure\Data\DatabaseInitializer.cs(217,13): warning CS8619: La nulabilidad de los tipos de referencia en el valor de tipo "<anonymous type: string Name, string Description, string SqlQuery, int ExpectedResultType, string ExpectedValue, string? RemediationSql, int Frequency>" no coincide con el tipo de destino "<anonymous type: string Name, string Description, string SqlQuery, int ExpectedResultType, string? ExpectedValue, string? RemediationSql, int Frequency>". [D:\DESARROLLO\ANTIGRAVITY\DHM\src\DHM.Infrastructure\DHM.Infrastructure.csproj]
D:\DESARROLLO\ANTIGRAVITY\DHM\src\DHM.Infrastructure\Data\DatabaseInitializer.cs(235,13): warning CS8619: La nulabilidad de los tipos de referencia en el valor de tipo "<anonymous type: string Name, string Description, string SqlQuery, int ExpectedResultType, string ExpectedValue, string RemediationSql, int Frequency>" no coincide con el tipo de destino "<anonymous type: string Name, string Description, string SqlQuery, int ExpectedResultType, string? ExpectedValue, string? RemediationSql, int Frequency>". [D:\DESARROLLO\ANTIGRAVITY\DHM\src\DHM.Infrastructure\DHM.Infrastructure.csproj]
D:\DESARROLLO\ANTIGRAVITY\DHM\src\DHM.Infrastructure\Data\DatabaseInitializer.cs(244,13): warning CS8619: La nulabilidad de los tipos de referencia en el valor de tipo "<anonymous type: string Name, string Description, string SqlQuery, int ExpectedResultType, string ExpectedValue, string? RemediationSql, int Frequency>" no coincide con el tipo de destino "<anonymous type: string Name, string Description, string SqlQuery, int ExpectedResultType, string? ExpectedValue, string? RemediationSql, int Frequency>". [D:\DESARROLLO\ANTIGRAVITY\DHM\src\DHM.Infrastructure\DHM.Infrastructure.csproj]
  DHM.Infrastructure -> D:\DESARROLLO\ANTIGRAVITY\DHM\src\DHM.Infrastructure\bin\Debug\net10.0\DHM.Infrastructure.dll
D:\DESARROLLO\ANTIGRAVITY\DHM\src\DHM.Web\Components\Pages\Tenants\TenantList.razor(1,1): warning MUD0002: Illegal Attribute 'Title' on 'MudIconButton' using pattern 'LowerCase' source location '(786,20)-(786,85)' (https://mudblazor.com/features/analyzers) [D:\DESARROLLO\ANTIGRAVITY\DHM\src\DHM.Web\DHM.Web.csproj]
D:\DESARROLLO\ANTIGRAVITY\DHM\src\DHM.Web\Components\Pages\Tenants\TenantList.razor(1,1): warning MUD0002: Illegal Attribute 'Title' on 'MudIconButton' using pattern 'LowerCase' source location '(858,20)-(858,76)' (https://mudblazor.com/features/analyzers) [D:\DESARROLLO\ANTIGRAVITY\DHM\src\DHM.Web\DHM.Web.csproj]
D:\DESARROLLO\ANTIGRAVITY\DHM\src\DHM.Web\Components\Pages\Tenants\TenantList.razor(1,1): warning MUD0002: Illegal Attribute 'Title' on 'MudIconButton' using pattern 'LowerCase' source location '(930,20)-(930,78)' (https://mudblazor.com/features/analyzers) [D:\DESARROLLO\ANTIGRAVITY\DHM\src\DHM.Web\DHM.Web.csproj]
D:\DESARROLLO\ANTIGRAVITY\DHM\src\DHM.Web\Components\Pages\Analytics\TrendAnalysis.razor(1,1): warning MUD0002: Illegal Attribute 'XAxisLabels' on 'MudChart' using pattern 'LowerCase' source location '(2507,8)-(2507,70)' (https://mudblazor.com/features/analyzers) [D:\DESARROLLO\ANTIGRAVITY\DHM\src\DHM.Web\DHM.Web.csproj]
D:\DESARROLLO\ANTIGRAVITY\DHM\src\DHM.Web\Components\Pages\Analytics\TrendAnalysis.razor(1,1): warning MUD0002: Illegal Attribute 'XAxisLabels' on 'MudChart' using pattern 'LowerCase' source location '(2570,8)-(2570,70)' (https://mudblazor.com/features/analyzers) [D:\DESARROLLO\ANTIGRAVITY\DHM\src\DHM.Web\DHM.Web.csproj]
D:\DESARROLLO\ANTIGRAVITY\DHM\src\DHM.Web\Components\Pages\Tests\TestList.razor(1,1): warning MUD0002: Illegal Attribute 'Title' on 'MudIconButton' using pattern 'LowerCase' source location '(1224,20)-(1224,84)' (https://mudblazor.com/features/analyzers) [D:\DESARROLLO\ANTIGRAVITY\DHM\src\DHM.Web\DHM.Web.csproj]
D:\DESARROLLO\ANTIGRAVITY\DHM\src\DHM.Web\Components\Pages\Tests\TestList.razor(1,1): warning MUD0002: Illegal Attribute 'Title' on 'MudIconButton' using pattern 'LowerCase' source location '(1296,20)-(1296,76)' (https://mudblazor.com/features/analyzers) [D:\DESARROLLO\ANTIGRAVITY\DHM\src\DHM.Web\DHM.Web.csproj]
D:\DESARROLLO\ANTIGRAVITY\DHM\src\DHM.Web\Components\Pages\Tests\TestList.razor(1,1): warning MUD0002: Illegal Attribute 'Title' on 'MudIconButton' using pattern 'LowerCase' source location '(1368,20)-(1368,78)' (https://mudblazor.com/features/analyzers) [D:\DESARROLLO\ANTIGRAVITY\DHM\src\DHM.Web\DHM.Web.csproj]
  DHM.Web -> D:\DESARROLLO\ANTIGRAVITY\DHM\src\DHM.Web\bin\Debug\net10.0\DHM.Web.dll

Compilaci├│n correcta.

D:\DESARROLLO\ANTIGRAVITY\DHM\src\DHM.Infrastructure\Data\DatabaseInitializer.cs(217,13): warning CS8619: La nulabilidad de los tipos de referencia en el valor de tipo "<anonymous type: string Name, string Description, string SqlQuery, int ExpectedResultType, string ExpectedValue, string? RemediationSql, int Frequency>" no coincide con el tipo de destino "<anonymous type: string Name, string Description, string SqlQuery, int ExpectedResultType, string? ExpectedValue, string? RemediationSql, int Frequency>". [D:\DESARROLLO\ANTIGRAVITY\DHM\src\DHM.Infrastructure\DHM.Infrastructure.csproj]
D:\DESARROLLO\ANTIGRAVITY\DHM\src\DHM.Infrastructure\Data\DatabaseInitializer.cs(235,13): warning CS8619: La nulabilidad de los tipos de referencia en el valor de tipo "<anonymous type: string Name, string Description, string SqlQuery, int ExpectedResultType, string ExpectedValue, string RemediationSql, int Frequency>" no coincide con el tipo de destino "<anonymous type: string Name, string Description, string SqlQuery, int ExpectedResultType, string? ExpectedValue, string? RemediationSql, int Frequency>". [D:\DESARROLLO\ANTIGRAVITY\DHM\src\DHM.Infrastructure\DHM.Infrastructure.csproj]
D:\DESARROLLO\ANTIGRAVITY\DHM\src\DHM.Infrastructure\Data\DatabaseInitializer.cs(244,13): warning CS8619: La nulabilidad de los tipos de referencia en el valor de tipo "<anonymous type: string Name, string Description, string SqlQuery, int ExpectedResultType, string ExpectedValue, string? RemediationSql, int Frequency>" no coincide con el tipo de destino "<anonymous type: string Name, string Description, string SqlQuery, int ExpectedResultType, string? ExpectedValue, string? RemediationSql, int Frequency>". [D:\DESARROLLO\ANTIGRAVITY\DHM\src\DHM.Infrastructure\DHM.Infrastructure.csproj]
D:\DESARROLLO\ANTIGRAVITY\DHM\src\DHM.Web\Components\Pages\Tenants\TenantList.razor(1,1): warning MUD0002: Illegal Attribute 'Title' on 'MudIconButton' using pattern 'LowerCase' source location '(786,20)-(786,85)' (https://mudblazor.com/features/analyzers) [D:\DESARROLLO\ANTIGRAVITY\DHM\src\DHM.Web\DHM.Web.csproj]
D:\DESARROLLO\ANTIGRAVITY\DHM\src\DHM.Web\Components\Pages\Tenants\TenantList.razor(1,1): warning MUD0002: Illegal Attribute 'Title' on 'MudIconButton' using pattern 'LowerCase' source location '(858,20)-(858,76)' (https://mudblazor.com/features/analyzers) [D:\DESARROLLO\ANTIGRAVITY\DHM\src\DHM.Web\DHM.Web.csproj]
D:\DESARROLLO\ANTIGRAVITY\DHM\src\DHM.Web\Components\Pages\Tenants\TenantList.razor(1,1): warning MUD0002: Illegal Attribute 'Title' on 'MudIconButton' using pattern 'LowerCase' source location '(930,20)-(930,78)' (https://mudblazor.com/features/analyzers) [D:\DESARROLLO\ANTIGRAVITY\DHM\src\DHM.Web\DHM.Web.csproj]
D:\DESARROLLO\ANTIGRAVITY\DHM\src\DHM.Web\Components\Pages\Analytics\TrendAnalysis.razor(1,1): warning MUD0002: Illegal Attribute 'XAxisLabels' on 'MudChart' using pattern 'LowerCase' source location '(2507,8)-(2507,70)' (https://mudblazor.com/features/analyzers) [D:\DESARROLLO\ANTIGRAVITY\DHM\src\DHM.Web\DHM.Web.csproj]
D:\DESARROLLO\ANTIGRAVITY\DHM\src\DHM.Web\Components\Pages\Analytics\TrendAnalysis.razor(1,1): warning MUD0002: Illegal Attribute 'XAxisLabels' on 'MudChart' using pattern 'LowerCase' source location '(2570,8)-(2570,70)' (https://mudblazor.com/features/analyzers) [D:\DESARROLLO\ANTIGRAVITY\DHM\src\DHM.Web\DHM.Web.csproj]
D:\DESARROLLO\ANTIGRAVITY\DHM\src\DHM.Web\Components\Pages\Tests\TestList.razor(1,1): warning MUD0002: Illegal Attribute 'Title' on 'MudIconButton' using pattern 'LowerCase' source location '(1224,20)-(1224,84)' (https://mudblazor.com/features/analyzers) [D:\DESARROLLO\ANTIGRAVITY\DHM\src\DHM.Web\DHM.Web.csproj]
D:\DESARROLLO\ANTIGRAVITY\DHM\src\DHM.Web\Components\Pages\Tests\TestList.razor(1,1): warning MUD0002: Illegal Attribute 'Title' on 'MudIconButton' using pattern 'LowerCase' source location '(1296,20)-(1296,76)' (https://mudblazor.com/features/analyzers) [D:\DESARROLLO\ANTIGRAVITY\DHM\src\DHM.Web\DHM.Web.csproj]
D:\DESARROLLO\ANTIGRAVITY\DHM\src\DHM.Web\Components\Pages\Tests\TestList.razor(1,1): warning MUD0002: Illegal Attribute 'Title' on 'MudIconButton' using pattern 'LowerCase' source location '(1368,20)-(1368,78)' (https://mudblazor.com/features/analyzers) [D:\DESARROLLO\ANTIGRAVITY\DHM\src\DHM.Web\DHM.Web.csproj]
    11 Advertencia(s)
    0 Errores

Tiempo transcurrido 00:00:10.14
