  Determinando los proyectos que se van a restaurar...
C:\Users\Juampi\.gemini\antigravity\scratch\Dotar\Data Health Monitor\src\DHM.Application\DHM.Application.csproj : warning NU1900: Error al obtener los datos de vulnerabilidad del paquete: No se puede cargar el ├¡ndice de servicio del origen https://api.nuget.org/v3/index.json. [C:\Users\Juampi\.gemini\antigravity\scratch\Dotar\Data Health Monitor\src\DHM.Web\DHM.Web.csproj]
C:\Users\Juampi\.gemini\antigravity\scratch\Dotar\Data Health Monitor\src\DHM.Web\DHM.Web.csproj : warning NU1900: Error al obtener los datos de vulnerabilidad del paquete: No se puede cargar el ├¡ndice de servicio del origen https://api.nuget.org/v3/index.json.
C:\Users\Juampi\.gemini\antigravity\scratch\Dotar\Data Health Monitor\src\DHM.Infrastructure\DHM.Infrastructure.csproj : warning NU1900: Error al obtener los datos de vulnerabilidad del paquete: No se puede cargar el ├¡ndice de servicio del origen https://api.nuget.org/v3/index.json. [C:\Users\Juampi\.gemini\antigravity\scratch\Dotar\Data Health Monitor\src\DHM.Web\DHM.Web.csproj]
  Todos los proyectos est├ín actualizados para la restauraci├│n.
C:\Users\Juampi\.gemini\antigravity\scratch\Dotar\Data Health Monitor\src\DHM.Web\DHM.Web.csproj : warning NU1900: Error al obtener los datos de vulnerabilidad del paquete: No se puede cargar el ├¡ndice de servicio del origen https://api.nuget.org/v3/index.json.
C:\Users\Juampi\.gemini\antigravity\scratch\Dotar\Data Health Monitor\src\DHM.Application\DHM.Application.csproj : warning NU1900: Error al obtener los datos de vulnerabilidad del paquete: No se puede cargar el ├¡ndice de servicio del origen https://api.nuget.org/v3/index.json.
C:\Users\Juampi\.gemini\antigravity\scratch\Dotar\Data Health Monitor\src\DHM.Infrastructure\DHM.Infrastructure.csproj : warning NU1900: Error al obtener los datos de vulnerabilidad del paquete: No se puede cargar el ├¡ndice de servicio del origen https://api.nuget.org/v3/index.json.
  DHM.Domain -> C:\Users\Juampi\.gemini\antigravity\scratch\Dotar\Data Health Monitor\src\DHM.Domain\bin\Debug\net10.0\DHM.Domain.dll
  DHM.Application -> C:\Users\Juampi\.gemini\antigravity\scratch\Dotar\Data Health Monitor\src\DHM.Application\bin\Debug\net10.0\DHM.Application.dll
  DHM.Infrastructure -> C:\Users\Juampi\.gemini\antigravity\scratch\Dotar\Data Health Monitor\src\DHM.Infrastructure\bin\Debug\net10.0\DHM.Infrastructure.dll
C:\Users\Juampi\.gemini\antigravity\scratch\Dotar\Data Health Monitor\src\DHM.Web\Components\Pages\Tenants\TenantFormDialog.razor(101,101): error CS1503: Argumento 1: no se puede convertir de 'System.Collections.Generic.IEnumerable<DHM.Application.DTOs.TagDto>' a 'System.Collections.Generic.IReadOnlyCollection<DHM.Application.DTOs.TagDto>' [C:\Users\Juampi\.gemini\antigravity\scratch\Dotar\Data Health Monitor\src\DHM.Web\DHM.Web.csproj]
C:\Users\Juampi\.gemini\antigravity\scratch\Dotar\Data Health Monitor\src\DHM.Web\obj\Debug\net10.0\Microsoft.CodeAnalysis.Razor.Compiler\Microsoft.NET.Sdk.Razor.SourceGenerators.RazorSourceGenerator\Components\Pages\Tenants\TenantFormDialog_razor.g.cs(1971,466): error CS1503: Argumento 2: no se puede convertir de 'Microsoft.AspNetCore.Components.EventCallback<System.Collections.Generic.IEnumerable<DHM.Application.DTOs.TagDto>>' a 'Microsoft.AspNetCore.Components.EventCallback' [C:\Users\Juampi\.gemini\antigravity\scratch\Dotar\Data Health Monitor\src\DHM.Web\DHM.Web.csproj]
C:\Users\Juampi\.gemini\antigravity\scratch\Dotar\Data Health Monitor\src\DHM.Web\Components\Pages\Tenants\Tags.razor(115,47): error CS1061: "IDialogService" no contiene una definici├│n para "ShowMessageBox" ni un m├®todo de extensi├│n accesible "ShowMessageBox" que acepte un primer argumento del tipo "IDialogService" (┬┐falta alguna directiva using o una referencia de ensamblado?) [C:\Users\Juampi\.gemini\antigravity\scratch\Dotar\Data Health Monitor\src\DHM.Web\DHM.Web.csproj]
C:\Users\Juampi\.gemini\antigravity\scratch\Dotar\Data Health Monitor\src\DHM.Web\Components\Pages\Tenants\TagFormDialog.razor(1,1): warning MUD0002: Illegal Attribute 'DisableToolbar' on 'MudColorPicker' using pattern 'LowerCase' source location '(211,20)-(211,83)' (https://mudblazor.com/features/analyzers) [C:\Users\Juampi\.gemini\antigravity\scratch\Dotar\Data Health Monitor\src\DHM.Web\DHM.Web.csproj]
C:\Users\Juampi\.gemini\antigravity\scratch\Dotar\Data Health Monitor\src\DHM.Web\Components\Pages\Tenants\TenantList.razor(1,1): warning MUD0002: Illegal Attribute 'Title' on 'MudIconButton' using pattern 'LowerCase' source location '(1006,20)-(1006,85)' (https://mudblazor.com/features/analyzers) [C:\Users\Juampi\.gemini\antigravity\scratch\Dotar\Data Health Monitor\src\DHM.Web\DHM.Web.csproj]
C:\Users\Juampi\.gemini\antigravity\scratch\Dotar\Data Health Monitor\src\DHM.Web\Components\Pages\Tenants\TenantList.razor(1,1): warning MUD0002: Illegal Attribute 'Title' on 'MudIconButton' using pattern 'LowerCase' source location '(1078,20)-(1078,76)' (https://mudblazor.com/features/analyzers) [C:\Users\Juampi\.gemini\antigravity\scratch\Dotar\Data Health Monitor\src\DHM.Web\DHM.Web.csproj]
C:\Users\Juampi\.gemini\antigravity\scratch\Dotar\Data Health Monitor\src\DHM.Web\Components\Pages\Tenants\TenantList.razor(1,1): warning MUD0002: Illegal Attribute 'Title' on 'MudIconButton' using pattern 'LowerCase' source location '(1150,20)-(1150,78)' (https://mudblazor.com/features/analyzers) [C:\Users\Juampi\.gemini\antigravity\scratch\Dotar\Data Health Monitor\src\DHM.Web\DHM.Web.csproj]
C:\Users\Juampi\.gemini\antigravity\scratch\Dotar\Data Health Monitor\src\DHM.Web\Components\Pages\Analytics\TrendAnalysis.razor(1,1): warning MUD0002: Illegal Attribute 'XAxisLabels' on 'MudChart' using pattern 'LowerCase' source location '(2507,8)-(2507,70)' (https://mudblazor.com/features/analyzers) [C:\Users\Juampi\.gemini\antigravity\scratch\Dotar\Data Health Monitor\src\DHM.Web\DHM.Web.csproj]
C:\Users\Juampi\.gemini\antigravity\scratch\Dotar\Data Health Monitor\src\DHM.Web\Components\Pages\Analytics\TrendAnalysis.razor(1,1): warning MUD0002: Illegal Attribute 'XAxisLabels' on 'MudChart' using pattern 'LowerCase' source location '(2570,8)-(2570,70)' (https://mudblazor.com/features/analyzers) [C:\Users\Juampi\.gemini\antigravity\scratch\Dotar\Data Health Monitor\src\DHM.Web\DHM.Web.csproj]
C:\Users\Juampi\.gemini\antigravity\scratch\Dotar\Data Health Monitor\src\DHM.Web\Components\Pages\Tenants\Tags.razor(1,1): warning MUD0002: Illegal Attribute 'Title' on 'MudIconButton' using pattern 'LowerCase' source location '(609,20)-(609,75)' (https://mudblazor.com/features/analyzers) [C:\Users\Juampi\.gemini\antigravity\scratch\Dotar\Data Health Monitor\src\DHM.Web\DHM.Web.csproj]
C:\Users\Juampi\.gemini\antigravity\scratch\Dotar\Data Health Monitor\src\DHM.Web\Components\Pages\Tenants\Tags.razor(1,1): warning MUD0002: Illegal Attribute 'Title' on 'MudIconButton' using pattern 'LowerCase' source location '(681,20)-(681,77)' (https://mudblazor.com/features/analyzers) [C:\Users\Juampi\.gemini\antigravity\scratch\Dotar\Data Health Monitor\src\DHM.Web\DHM.Web.csproj]
C:\Users\Juampi\.gemini\antigravity\scratch\Dotar\Data Health Monitor\src\DHM.Web\Components\Pages\Tests\TestList.razor(1,1): warning MUD0002: Illegal Attribute 'Title' on 'MudIconButton' using pattern 'LowerCase' source location '(1224,20)-(1224,84)' (https://mudblazor.com/features/analyzers) [C:\Users\Juampi\.gemini\antigravity\scratch\Dotar\Data Health Monitor\src\DHM.Web\DHM.Web.csproj]
C:\Users\Juampi\.gemini\antigravity\scratch\Dotar\Data Health Monitor\src\DHM.Web\Components\Pages\Tests\TestList.razor(1,1): warning MUD0002: Illegal Attribute 'Title' on 'MudIconButton' using pattern 'LowerCase' source location '(1296,20)-(1296,76)' (https://mudblazor.com/features/analyzers) [C:\Users\Juampi\.gemini\antigravity\scratch\Dotar\Data Health Monitor\src\DHM.Web\DHM.Web.csproj]
C:\Users\Juampi\.gemini\antigravity\scratch\Dotar\Data Health Monitor\src\DHM.Web\Components\Pages\Tests\TestList.razor(1,1): warning MUD0002: Illegal Attribute 'Title' on 'MudIconButton' using pattern 'LowerCase' source location '(1368,20)-(1368,78)' (https://mudblazor.com/features/analyzers) [C:\Users\Juampi\.gemini\antigravity\scratch\Dotar\Data Health Monitor\src\DHM.Web\DHM.Web.csproj]

ERROR al compilar.

C:\Users\Juampi\.gemini\antigravity\scratch\Dotar\Data Health Monitor\src\DHM.Application\DHM.Application.csproj : warning NU1900: Error al obtener los datos de vulnerabilidad del paquete: No se puede cargar el ├¡ndice de servicio del origen https://api.nuget.org/v3/index.json. [C:\Users\Juampi\.gemini\antigravity\scratch\Dotar\Data Health Monitor\src\DHM.Web\DHM.Web.csproj]
C:\Users\Juampi\.gemini\antigravity\scratch\Dotar\Data Health Monitor\src\DHM.Web\DHM.Web.csproj : warning NU1900: Error al obtener los datos de vulnerabilidad del paquete: No se puede cargar el ├¡ndice de servicio del origen https://api.nuget.org/v3/index.json.
C:\Users\Juampi\.gemini\antigravity\scratch\Dotar\Data Health Monitor\src\DHM.Infrastructure\DHM.Infrastructure.csproj : warning NU1900: Error al obtener los datos de vulnerabilidad del paquete: No se puede cargar el ├¡ndice de servicio del origen https://api.nuget.org/v3/index.json. [C:\Users\Juampi\.gemini\antigravity\scratch\Dotar\Data Health Monitor\src\DHM.Web\DHM.Web.csproj]
C:\Users\Juampi\.gemini\antigravity\scratch\Dotar\Data Health Monitor\src\DHM.Web\DHM.Web.csproj : warning NU1900: Error al obtener los datos de vulnerabilidad del paquete: No se puede cargar el ├¡ndice de servicio del origen https://api.nuget.org/v3/index.json.
C:\Users\Juampi\.gemini\antigravity\scratch\Dotar\Data Health Monitor\src\DHM.Application\DHM.Application.csproj : warning NU1900: Error al obtener los datos de vulnerabilidad del paquete: No se puede cargar el ├¡ndice de servicio del origen https://api.nuget.org/v3/index.json.
C:\Users\Juampi\.gemini\antigravity\scratch\Dotar\Data Health Monitor\src\DHM.Infrastructure\DHM.Infrastructure.csproj : warning NU1900: Error al obtener los datos de vulnerabilidad del paquete: No se puede cargar el ├¡ndice de servicio del origen https://api.nuget.org/v3/index.json.
C:\Users\Juampi\.gemini\antigravity\scratch\Dotar\Data Health Monitor\src\DHM.Web\Components\Pages\Tenants\TagFormDialog.razor(1,1): warning MUD0002: Illegal Attribute 'DisableToolbar' on 'MudColorPicker' using pattern 'LowerCase' source location '(211,20)-(211,83)' (https://mudblazor.com/features/analyzers) [C:\Users\Juampi\.gemini\antigravity\scratch\Dotar\Data Health Monitor\src\DHM.Web\DHM.Web.csproj]
C:\Users\Juampi\.gemini\antigravity\scratch\Dotar\Data Health Monitor\src\DHM.Web\Components\Pages\Tenants\TenantList.razor(1,1): warning MUD0002: Illegal Attribute 'Title' on 'MudIconButton' using pattern 'LowerCase' source location '(1006,20)-(1006,85)' (https://mudblazor.com/features/analyzers) [C:\Users\Juampi\.gemini\antigravity\scratch\Dotar\Data Health Monitor\src\DHM.Web\DHM.Web.csproj]
C:\Users\Juampi\.gemini\antigravity\scratch\Dotar\Data Health Monitor\src\DHM.Web\Components\Pages\Tenants\TenantList.razor(1,1): warning MUD0002: Illegal Attribute 'Title' on 'MudIconButton' using pattern 'LowerCase' source location '(1078,20)-(1078,76)' (https://mudblazor.com/features/analyzers) [C:\Users\Juampi\.gemini\antigravity\scratch\Dotar\Data Health Monitor\src\DHM.Web\DHM.Web.csproj]
C:\Users\Juampi\.gemini\antigravity\scratch\Dotar\Data Health Monitor\src\DHM.Web\Components\Pages\Tenants\TenantList.razor(1,1): warning MUD0002: Illegal Attribute 'Title' on 'MudIconButton' using pattern 'LowerCase' source location '(1150,20)-(1150,78)' (https://mudblazor.com/features/analyzers) [C:\Users\Juampi\.gemini\antigravity\scratch\Dotar\Data Health Monitor\src\DHM.Web\DHM.Web.csproj]
C:\Users\Juampi\.gemini\antigravity\scratch\Dotar\Data Health Monitor\src\DHM.Web\Components\Pages\Analytics\TrendAnalysis.razor(1,1): warning MUD0002: Illegal Attribute 'XAxisLabels' on 'MudChart' using pattern 'LowerCase' source location '(2507,8)-(2507,70)' (https://mudblazor.com/features/analyzers) [C:\Users\Juampi\.gemini\antigravity\scratch\Dotar\Data Health Monitor\src\DHM.Web\DHM.Web.csproj]
C:\Users\Juampi\.gemini\antigravity\scratch\Dotar\Data Health Monitor\src\DHM.Web\Components\Pages\Analytics\TrendAnalysis.razor(1,1): warning MUD0002: Illegal Attribute 'XAxisLabels' on 'MudChart' using pattern 'LowerCase' source location '(2570,8)-(2570,70)' (https://mudblazor.com/features/analyzers) [C:\Users\Juampi\.gemini\antigravity\scratch\Dotar\Data Health Monitor\src\DHM.Web\DHM.Web.csproj]
C:\Users\Juampi\.gemini\antigravity\scratch\Dotar\Data Health Monitor\src\DHM.Web\Components\Pages\Tenants\Tags.razor(1,1): warning MUD0002: Illegal Attribute 'Title' on 'MudIconButton' using pattern 'LowerCase' source location '(609,20)-(609,75)' (https://mudblazor.com/features/analyzers) [C:\Users\Juampi\.gemini\antigravity\scratch\Dotar\Data Health Monitor\src\DHM.Web\DHM.Web.csproj]
C:\Users\Juampi\.gemini\antigravity\scratch\Dotar\Data Health Monitor\src\DHM.Web\Components\Pages\Tenants\Tags.razor(1,1): warning MUD0002: Illegal Attribute 'Title' on 'MudIconButton' using pattern 'LowerCase' source location '(681,20)-(681,77)' (https://mudblazor.com/features/analyzers) [C:\Users\Juampi\.gemini\antigravity\scratch\Dotar\Data Health Monitor\src\DHM.Web\DHM.Web.csproj]
C:\Users\Juampi\.gemini\antigravity\scratch\Dotar\Data Health Monitor\src\DHM.Web\Components\Pages\Tests\TestList.razor(1,1): warning MUD0002: Illegal Attribute 'Title' on 'MudIconButton' using pattern 'LowerCase' source location '(1224,20)-(1224,84)' (https://mudblazor.com/features/analyzers) [C:\Users\Juampi\.gemini\antigravity\scratch\Dotar\Data Health Monitor\src\DHM.Web\DHM.Web.csproj]
C:\Users\Juampi\.gemini\antigravity\scratch\Dotar\Data Health Monitor\src\DHM.Web\Components\Pages\Tests\TestList.razor(1,1): warning MUD0002: Illegal Attribute 'Title' on 'MudIconButton' using pattern 'LowerCase' source location '(1296,20)-(1296,76)' (https://mudblazor.com/features/analyzers) [C:\Users\Juampi\.gemini\antigravity\scratch\Dotar\Data Health Monitor\src\DHM.Web\DHM.Web.csproj]
C:\Users\Juampi\.gemini\antigravity\scratch\Dotar\Data Health Monitor\src\DHM.Web\Components\Pages\Tests\TestList.razor(1,1): warning MUD0002: Illegal Attribute 'Title' on 'MudIconButton' using pattern 'LowerCase' source location '(1368,20)-(1368,78)' (https://mudblazor.com/features/analyzers) [C:\Users\Juampi\.gemini\antigravity\scratch\Dotar\Data Health Monitor\src\DHM.Web\DHM.Web.csproj]
C:\Users\Juampi\.gemini\antigravity\scratch\Dotar\Data Health Monitor\src\DHM.Web\Components\Pages\Tenants\TenantFormDialog.razor(101,101): error CS1503: Argumento 1: no se puede convertir de 'System.Collections.Generic.IEnumerable<DHM.Application.DTOs.TagDto>' a 'System.Collections.Generic.IReadOnlyCollection<DHM.Application.DTOs.TagDto>' [C:\Users\Juampi\.gemini\antigravity\scratch\Dotar\Data Health Monitor\src\DHM.Web\DHM.Web.csproj]
C:\Users\Juampi\.gemini\antigravity\scratch\Dotar\Data Health Monitor\src\DHM.Web\obj\Debug\net10.0\Microsoft.CodeAnalysis.Razor.Compiler\Microsoft.NET.Sdk.Razor.SourceGenerators.RazorSourceGenerator\Components\Pages\Tenants\TenantFormDialog_razor.g.cs(1971,466): error CS1503: Argumento 2: no se puede convertir de 'Microsoft.AspNetCore.Components.EventCallback<System.Collections.Generic.IEnumerable<DHM.Application.DTOs.TagDto>>' a 'Microsoft.AspNetCore.Components.EventCallback' [C:\Users\Juampi\.gemini\antigravity\scratch\Dotar\Data Health Monitor\src\DHM.Web\DHM.Web.csproj]
C:\Users\Juampi\.gemini\antigravity\scratch\Dotar\Data Health Monitor\src\DHM.Web\Components\Pages\Tenants\Tags.razor(115,47): error CS1061: "IDialogService" no contiene una definici├│n para "ShowMessageBox" ni un m├®todo de extensi├│n accesible "ShowMessageBox" que acepte un primer argumento del tipo "IDialogService" (┬┐falta alguna directiva using o una referencia de ensamblado?) [C:\Users\Juampi\.gemini\antigravity\scratch\Dotar\Data Health Monitor\src\DHM.Web\DHM.Web.csproj]
    17 Advertencia(s)
    3 Errores

Tiempo transcurrido 00:00:02.77
